warning: unused import: `std::sync::Arc`
  --> src\storage\btree.rs:11:5
   |
11 | use std::sync::Arc;
   |     ^^^^^^^^^^^^^^
   |
   = note: `#[warn(unused_imports)]` (part of `#[warn(unused)]`) on by default

warning: unused import: `Error`
  --> src\storage\btree.rs:13:13
   |
13 | ...e::{Error, Re...
   |        ^^^^^

warning: unused imports: `SeekFrom` and `Seek`
  --> src\storage\wal.rs:10:49
   |
10 | ...d, Seek, SeekFrom, W...
   |       ^^^^  ^^^^^^^^

warning: unused import: `Path`
 --> src\storage\engine.rs:5:17
  |
5 | ...th::{Path, Pat...
  |         ^^^^

warning: unused import: `Error`
  --> src\storage\engine.rs:13:13
   |
13 | ...e::{Error, Re...
   |        ^^^^^

warning: unused import: `std::sync::Arc`
 --> src\raft\log.rs:7:5
  |
7 | use std::sync::Arc;
  |     ^^^^^^^^^^^^^^

warning: unused import: `tokio::sync::mpsc`
  --> src\raft\election.rs:11:5
   |
11 | use tokio::sync::mpsc;
   |     ^^^^^^^^^^^^^^^^^

warning: unused import: `std::collections::HashMap`
 --> src\raft\replication.rs:6:5
  |
6 | use std::collections::HashMap;
  |     ^^^^^^^^^^^^^^^^^^^^^^^^^

warning: unused import: `NodeRole`
 --> src\raft\replication.rs:8:31
  |
8 | ...e, NodeRole};
  |       ^^^^^^^^

warning: unused import: `parking_lot::RwLock`
 --> src\raft\node.rs:8:5
  |
8 | use parking_lot::RwLock;
  |     ^^^^^^^^^^^^^^^^^^^

warning: unused import: `timeout`
  --> src\raft\node.rs:10:29
   |
10 | ...l, timeout};
   |       ^^^^^^^

warning: unused imports: `error` and `warn`
  --> src\raft\node.rs:11:22
   |
11 | ...g, error, info, warn};
   |       ^^^^^        ^^^^

warning: unused import: `std::sync::Arc`
 --> src\txn\mvcc.rs:7:5
  |
7 | use std::sync::Arc;
  |     ^^^^^^^^^^^^^^

warning: unused imports: `Deserialize` and `Serialize`
  --> src\txn\mvcc.rs:10:13
   |
10 | ...::{Deserialize, Serialize};
   |       ^^^^^^^^^^^  ^^^^^^^^^

warning: unused import: `std::sync::Arc`
 --> src\txn\lock.rs:6:5
  |
6 | use std::sync::Arc;
  |     ^^^^^^^^^^^^^^

warning: variable does not need to be mutable
   --> src\raft\node.rs:242:13
    |
242 | ...et mut votes = ...
    |       ----^^^^^
    |       |
    |       help: remove this `mut`
    |
    = note: `#[warn(unused_mut)]` (part of `#[warn(unused)]`) on by default

warning: unused variable: `heartbeat`
   --> src\raft\node.rs:262:25
    |
262 | ...me(heartbeat) =...
    |       ^^^^^^^^^ help: if this is intentional, prefix it with an underscore: `_heartbeat`
    |
    = note: `#[warn(unused_variables)]` (part of `#[warn(unused)]`) on by default

warning: unused variable: `vote_request`
   --> src\raft\node.rs:241:13
    |
241 | ...et vote_request = ...
    |       ^^^^^^^^^^^^ help: if this is intentional, prefix it with an underscore: `_vote_request`

warning: unused variable: `votes`
   --> src\raft\node.rs:242:13
    |
242 | ...et mut votes = ...
    |       ^^^^^^^^^ help: if this is intentional, prefix it with an underscore: `_votes`

warning: fields `len` and `crc` are never read
  --> src\storage\wal.rs:56:5
   |
54 | struct WalRecordHeader {
   |        --------------- fields in this struct
55 |     /// Length of the ser...
56 |     len: u32,
   |     ^^^
57 |     /// CRC32 checksum of...
58 |     crc: u32,
   |     ^^^
   |
   = note: `WalRecordHeader` has a derived impl for the trait `Debug`, but this is intentionally ignored during dead code analysis
   = note: `#[warn(dead_code)]` (part of `#[warn(unused)]`) on by default

warning: struct `RaftHandle` is never constructed
   --> src\raft\node.rs:287:12
    |
287 | ...ct RaftHandle {
    |       ^^^^^^^^^^

warning: associated items `new`, `propose`, `status`, and `shutdown` are never used
   --> src\raft\node.rs:293:12
    |
291 | impl RaftHandle {
    | --------------- associated items in this implementation
292 |     /// Create a new handle ...
293 |     pub fn new(command_tx: m...
    |            ^^^
...
298 |     pub async fn propose(&se...
    |                  ^^^^^^^
...
309 |     pub async fn status(&sel...
    |                  ^^^^^^
...
320 |     pub async fn shutdown(&s...
    |                  ^^^^^^^^

warning: fields `key` and `old_value` are never read
  --> src\txn\manager.rs:51:5
   |
50 | struct TransactionWrite {
   |        ---------------- fields in this struct
51 |     key: Vec<u8>,
   |     ^^^
52 |     /// Old value (None if...
53 |     old_value: Option<Vec<...
   |     ^^^^^^^^^
   |
   = note: `TransactionWrite` has derived impls for the traits `Clone` and `Debug`, but these are intentionally ignored during dead code analysis

warning: method `get_writes` is never used
   --> src\txn\manager.rs:113:8
    |
 79 | impl Transaction {
    | ---------------- method in this implementation
...
113 |     fn get_writes(&s...
    |        ^^^^^^^^^^

warning: method `peek` is never used
  --> src\query\parser.rs:29:8
   |
15 | impl Parser {
   | ----------- method in this implementation
...
29 |     fn peek(&sel...
   |        ^^^^

warning: fields `storage` and `txn_manager` are never read
  --> src\network\server.rs:43:5
   |
41 | pub struct PyuDbServer {
   |            ----------- fields in this struct
42 |     config: ServerConfig,
43 |     storage: Arc<StorageE...
   |     ^^^^^^^
44 |     txn_manager: Arc<Tran...
   |     ^^^^^^^^^^^

warning: field `config` is never read
  --> src\network\client.rs:32:5
   |
31 | pub struct PyuDbClient {
   |            ----------- field in this struct
32 |     config: ClientConfig,
   |     ^^^^^^

warning: `pyudb` (lib) generated 27 warnings (run `cargo fix --lib -p pyudb` to apply 19 suggestions)
warning: unused import: `Error`
  --> src\storage\btree.rs:13:13
   |
13 | ...::{Error, R...
   |       ^^^^^

warning: unused import: `Path`
 --> src\storage\engine.rs:5:17
  |
5 | ...h::{Path, Pa...
  |        ^^^^

warning: unused import: `Error`
  --> src\storage\engine.rs:13:13
   |
13 | ...::{Error, R...
   |       ^^^^^

warning: method `peek` is never used
  --> src\query\parser.rs:29:8
   |
15 | impl Parser {
   | ----------- method in this implementation
...
29 |     fn peek(&s...
   |        ^^^^

warning: `pyudb` (lib test) generated 25 warnings (21 duplicates) (run `cargo fix --lib -p pyudb --tests` to apply 3 suggestions)
    Finished `test` profile [unoptimized + debuginfo] target(s) in 0.23s
     Running unittests src\lib.rs (target\debug\deps\pyudb-5e112369f290d8d3.exe)
error: test failed, to rerun pass `--lib`
